Merge Sort      | 1         
